
> prismic-opportunity@0.1.0 build
> next build

   Γû▓ Next.js 16.0.3 (Turbopack)

   Creating an optimized production build ...
node.exe : 
At line:1 char:1
+ & "C:\Program Files
\nodejs/node.exe" 
"C:\Program 
Files\nodejs/node_mo 
...
+ ~~~~~~~~~~~~~~~~~~~
~~~~~~~~~~~~~~~~~~~~~
~~~~~~~~~~~~~~~~~~~~~
~~~~~~~~
    + CategoryInfo   
           : NotSpe  
  cified: (:String   
 ) [], RemoteExce    
ption
    + FullyQualified 
   ErrorId : Native  
  CommandError
 
> Build error 
occurred
Error: Turbopack 
build failed with 1 
errors:
./src/app/search/page
.module.css:321:13
Parsing CSS source 
code failed
[0m [90m 319 
|[39m }
 [90m 320 |[39m
[31m[1m>[22m[39m
[90m 321 |[39m backg
round[33m:[39m rgba
([35m99[39m[33m,[
39m [35m102[39m[33
m,[39m [35m241[39m
[33m,[39m [35m0.1
[39m)[33m;[39m
 [90m     |[39m    
         
[31m[1m^[22m[39m
 [90m 322 |[39m bor
der[33m-[39mcolor[
33m:[39m [36mvar[3
9m([33m--[39mprimar
y)[33m;[39m
 [90m 323 |[39m 
color[33m:[39m [36
mvar[39m([33m--[39
mprimary)[33m;[39m
 [90m 324 |[39m fon
t[33m-[39mweight[3
3m:[39m [35m600[39
m[33m;[39m[0m

Invalid token in 
pseudo element: 
WhiteSpace(" ")

Import traces:
  Server Component:
    ./src/app/search/
page.module.css
    ./src/app/search/
page.tsx

  Client Component 
Browser:
    ./src/app/search/
page.module.css 
[Client Component 
Browser]
    ./src/components/
SearchResults.tsx 
[Client Component 
Browser]
    ./src/components/
SearchResults.tsx 
[Server Component]
    ./src/app/search/
page.tsx [Server 
Component]

  Client Component 
SSR:
    ./src/app/search/
page.module.css 
[Client Component 
SSR]
    ./src/components/
SearchResults.tsx 
[Client Component 
SSR]
    ./src/components/
SearchResults.tsx 
[Server Component]
    ./src/app/search/
page.tsx [Server 
Component]


    at <unknown> (./s
rc/app/search/page.mo
dule.css:321:13)
